// Jest Snapshot v1, https://goo.gl/fbAQLP

exports[`SideBar matches snapshot 1`] = `
<ul
  className="sidebar"
>
  <li>
    <div
      className="sidebar-item"
      onClick={[Function]}
    >
      <img
        height="16px"
        src="test-file-stub"
        width="16px"
      />
      <p
        className="sidebar-item-title"
      >
         
        test1
         
      </p>
    </div>
  </li>
  <li>
    <div
      className="sidebar-item"
      onClick={[Function]}
    >
      <img
        height="16px"
        src="test-file-stub"
        width="16px"
      />
      <p
        className="sidebar-item-title"
      >
         
        test2
         
      </p>
    </div>
  </li>
</ul>
`;
