// Jest Snapshot v1, https://goo.gl/fbAQLP

exports[`Time value changes on request 1`] = `
<ul
  className="sidebar"
>
  <li>
    <div
      className="sidebar-item"
      onClick={[Function]}
    >
      <img
        height="16px"
        src="test-file-stub"
        width="16px"
      />
      <p
        className="sidebar-item-title"
      >
         
        X Scale
         
      </p>
    </div>
  </li>
  <li>
    <div
      className="sidebar-item"
      onClick={[Function]}
    >
      <img
        height="16px"
        src="test-file-stub"
        width="16px"
      />
      <p
        className="sidebar-item-title"
      >
         
        Y Scale
         
      </p>
    </div>
  </li>
  <li>
    <div
      className="sidebar-item"
      onClick={[Function]}
    >
      <img
        height="16px"
        src="test-file-stub"
        width="16px"
      />
      <p
        className="sidebar-item-title"
      >
         
        Time Scale
         
      </p>
    </div>
  </li>
</ul>
`;

exports[`Time value changes on request 2`] = `
<ul
  className="sidebar"
>
  <li>
    <div
      className="sidebar-item"
      onClick={[Function]}
    >
      <img
        height="16px"
        src="test-file-stub"
        width="16px"
      />
      <p
        className="sidebar-item-title"
      >
         
        X Scale
         
      </p>
    </div>
  </li>
  <li>
    <div
      className="sidebar-item"
      onClick={[Function]}
    >
      <img
        height="16px"
        src="test-file-stub"
        width="16px"
      />
      <p
        className="sidebar-item-title"
      >
         
        Y Scale
         
      </p>
    </div>
  </li>
  <li>
    <div
      className="sidebar-item"
      onClick={[Function]}
    >
      <img
        height="16px"
        src="test-file-stub"
        width="16px"
      />
      <p
        className="sidebar-item-title"
      >
         
        Time Scale
         
      </p>
    </div>
  </li>
</ul>
`;

exports[`X value changes on request 1`] = `
<ul
  className="sidebar"
>
  <li>
    <div
      className="sidebar-item"
      onClick={[Function]}
    >
      <img
        height="16px"
        src="test-file-stub"
        width="16px"
      />
      <p
        className="sidebar-item-title"
      >
         
        X Scale
         
      </p>
    </div>
  </li>
  <li>
    <div
      className="sidebar-item"
      onClick={[Function]}
    >
      <img
        height="16px"
        src="test-file-stub"
        width="16px"
      />
      <p
        className="sidebar-item-title"
      >
         
        Y Scale
         
      </p>
    </div>
  </li>
  <li>
    <div
      className="sidebar-item"
      onClick={[Function]}
    >
      <img
        height="16px"
        src="test-file-stub"
        width="16px"
      />
      <p
        className="sidebar-item-title"
      >
         
        Time Scale
         
      </p>
    </div>
  </li>
</ul>
`;

exports[`X value changes on request 2`] = `
<ul
  className="sidebar"
>
  <li>
    <div
      className="sidebar-item"
      onClick={[Function]}
    >
      <img
        height="16px"
        src="test-file-stub"
        width="16px"
      />
      <p
        className="sidebar-item-title"
      >
         
        X Scale
         
      </p>
    </div>
  </li>
  <li>
    <div
      className="sidebar-item"
      onClick={[Function]}
    >
      <img
        height="16px"
        src="test-file-stub"
        width="16px"
      />
      <p
        className="sidebar-item-title"
      >
         
        Y Scale
         
      </p>
    </div>
  </li>
  <li>
    <div
      className="sidebar-item"
      onClick={[Function]}
    >
      <img
        height="16px"
        src="test-file-stub"
        width="16px"
      />
      <p
        className="sidebar-item-title"
      >
         
        Time Scale
         
      </p>
    </div>
  </li>
</ul>
`;

exports[`Y value changes on request 1`] = `
<ul
  className="sidebar"
>
  <li>
    <div
      className="sidebar-item"
      onClick={[Function]}
    >
      <img
        height="16px"
        src="test-file-stub"
        width="16px"
      />
      <p
        className="sidebar-item-title"
      >
         
        X Scale
         
      </p>
    </div>
  </li>
  <li>
    <div
      className="sidebar-item"
      onClick={[Function]}
    >
      <img
        height="16px"
        src="test-file-stub"
        width="16px"
      />
      <p
        className="sidebar-item-title"
      >
         
        Y Scale
         
      </p>
    </div>
  </li>
  <li>
    <div
      className="sidebar-item"
      onClick={[Function]}
    >
      <img
        height="16px"
        src="test-file-stub"
        width="16px"
      />
      <p
        className="sidebar-item-title"
      >
         
        Time Scale
         
      </p>
    </div>
  </li>
</ul>
`;

exports[`Y value changes on request 2`] = `
<ul
  className="sidebar"
>
  <li>
    <div
      className="sidebar-item"
      onClick={[Function]}
    >
      <img
        height="16px"
        src="test-file-stub"
        width="16px"
      />
      <p
        className="sidebar-item-title"
      >
         
        X Scale
         
      </p>
    </div>
  </li>
  <li>
    <div
      className="sidebar-item"
      onClick={[Function]}
    >
      <img
        height="16px"
        src="test-file-stub"
        width="16px"
      />
      <p
        className="sidebar-item-title"
      >
         
        Y Scale
         
      </p>
    </div>
  </li>
  <li>
    <div
      className="sidebar-item"
      onClick={[Function]}
    >
      <img
        height="16px"
        src="test-file-stub"
        width="16px"
      />
      <p
        className="sidebar-item-title"
      >
         
        Time Scale
         
      </p>
    </div>
  </li>
</ul>
`;
